Archive member included to satisfy reference by file (symbol)

/opt/st/stm32cubeide_1.5.0/plugins/com.st.stm32cube.ide.mcu.externaltools.gnu-tools-for-stm32.7-2018-q2-update.linux64_1.5.0.202011040924/tools/bin/../lib/gcc/arm-none-eabi/7.3.1/../../../../arm-none-eabi/lib/thumb/v6-m/libc_nano.a(lib_a-errno.o)
                              Core/Src/syscalls.o (__errno)
/opt/st/stm32cubeide_1.5.0/plugins/com.st.stm32cube.ide.mcu.externaltools.gnu-tools-for-stm32.7-2018-q2-update.linux64_1.5.0.202011040924/tools/bin/../lib/gcc/arm-none-eabi/7.3.1/../../../../arm-none-eabi/lib/thumb/v6-m/libc_nano.a(lib_a-exit.o)
                              /opt/st/stm32cubeide_1.5.0/plugins/com.st.stm32cube.ide.mcu.externaltools.gnu-tools-for-stm32.7-2018-q2-update.linux64_1.5.0.202011040924/tools/bin/../lib/gcc/arm-none-eabi/7.3.1/../../../../arm-none-eabi/lib/thumb/v6-m/crt0.o (exit)
/opt/st/stm32cubeide_1.5.0/plugins/com.st.stm32cube.ide.mcu.externaltools.gnu-tools-for-stm32.7-2018-q2-update.linux64_1.5.0.202011040924/tools/bin/../lib/gcc/arm-none-eabi/7.3.1/../../../../arm-none-eabi/lib/thumb/v6-m/libc_nano.a(lib_a-impure.o)
                              /opt/st/stm32cubeide_1.5.0/plugins/com.st.stm32cube.ide.mcu.externaltools.gnu-tools-for-stm32.7-2018-q2-update.linux64_1.5.0.202011040924/tools/bin/../lib/gcc/arm-none-eabi/7.3.1/../../../../arm-none-eabi/lib/thumb/v6-m/libc_nano.a(lib_a-exit.o) (_global_impure_ptr)
/opt/st/stm32cubeide_1.5.0/plugins/com.st.stm32cube.ide.mcu.externaltools.gnu-tools-for-stm32.7-2018-q2-update.linux64_1.5.0.202011040924/tools/bin/../lib/gcc/arm-none-eabi/7.3.1/../../../../arm-none-eabi/lib/thumb/v6-m/libc_nano.a(lib_a-init.o)
                              /opt/st/stm32cubeide_1.5.0/plugins/com.st.stm32cube.ide.mcu.externaltools.gnu-tools-for-stm32.7-2018-q2-update.linux64_1.5.0.202011040924/tools/bin/../lib/gcc/arm-none-eabi/7.3.1/../../../../arm-none-eabi/lib/thumb/v6-m/crt0.o (__libc_init_array)
/opt/st/stm32cubeide_1.5.0/plugins/com.st.stm32cube.ide.mcu.externaltools.gnu-tools-for-stm32.7-2018-q2-update.linux64_1.5.0.202011040924/tools/bin/../lib/gcc/arm-none-eabi/7.3.1/../../../../arm-none-eabi/lib/thumb/v6-m/libc_nano.a(lib_a-memset.o)
                              /opt/st/stm32cubeide_1.5.0/plugins/com.st.stm32cube.ide.mcu.externaltools.gnu-tools-for-stm32.7-2018-q2-update.linux64_1.5.0.202011040924/tools/bin/../lib/gcc/arm-none-eabi/7.3.1/../../../../arm-none-eabi/lib/thumb/v6-m/crt0.o (memset)
/opt/st/stm32cubeide_1.5.0/plugins/com.st.stm32cube.ide.mcu.externaltools.gnu-tools-for-stm32.7-2018-q2-update.linux64_1.5.0.202011040924/tools/bin/../lib/gcc/arm-none-eabi/7.3.1/thumb/v6-m/libgcc.a(_udivsi3.o)
                              Core/Src/system_stm32f0xx.o (__aeabi_uidiv)
/opt/st/stm32cubeide_1.5.0/plugins/com.st.stm32cube.ide.mcu.externaltools.gnu-tools-for-stm32.7-2018-q2-update.linux64_1.5.0.202011040924/tools/bin/../lib/gcc/arm-none-eabi/7.3.1/thumb/v6-m/libgcc.a(_dvmd_tls.o)
                              /opt/st/stm32cubeide_1.5.0/plugins/com.st.stm32cube.ide.mcu.externaltools.gnu-tools-for-stm32.7-2018-q2-update.linux64_1.5.0.202011040924/tools/bin/../lib/gcc/arm-none-eabi/7.3.1/thumb/v6-m/libgcc.a(_udivsi3.o) (__aeabi_idiv0)

Allocating common symbols
Common symbol       size              file

hUsbDeviceFS        0x2c4             USB_DEVICE/App/usb_device.o
uwTick              0x4               Drivers/STM32F0xx_HAL_Driver/Src/stm32f0xx_hal.o
pFlash              0x20              Drivers/STM32F0xx_HAL_Driver/Src/stm32f0xx_hal_flash.o
hpcd_USB_FS         0x2f4             USB_DEVICE/Target/usbd_conf.o
USBD_StrDesc        0x200             USB_DEVICE/App/usbd_desc.o

Discarded input sections

 .text          0x0000000000000000        0x0 /opt/st/stm32cubeide_1.5.0/plugins/com.st.stm32cube.ide.mcu.externaltools.gnu-tools-for-stm32.7-2018-q2-update.linux64_1.5.0.202011040924/tools/bin/../lib/gcc/arm-none-eabi/7.3.1/thumb/v6-m/crti.o
 .data          0x0000000000000000        0x0 /opt/st/stm32cubeide_1.5.0/plugins/com.st.stm32cube.ide.mcu.externaltools.gnu-tools-for-stm32.7-2018-q2-update.linux64_1.5.0.202011040924/tools/bin/../lib/gcc/arm-none-eabi/7.3.1/thumb/v6-m/crti.o
 .bss           0x0000000000000000        0x0 /opt/st/stm32cubeide_1.5.0/plugins/com.st.stm32cube.ide.mcu.externaltools.gnu-tools-for-stm32.7-2018-q2-update.linux64_1.5.0.202011040924/tools/bin/../lib/gcc/arm-none-eabi/7.3.1/thumb/v6-m/crti.o
 .data          0x0000000000000000        0x4 /opt/st/stm32cubeide_1.5.0/plugins/com.st.stm32cube.ide.mcu.externaltools.gnu-tools-for-stm32.7-2018-q2-update.linux64_1.5.0.202011040924/tools/bin/../lib/gcc/arm-none-eabi/7.3.1/thumb/v6-m/crtbegin.o
 .text          0x0000000000000000       0x78 /opt/st/stm32cubeide_1.5.0/plugins/com.st.stm32cube.ide.mcu.externaltools.gnu-tools-for-stm32.7-2018-q2-update.linux64_1.5.0.202011040924/tools/bin/../lib/gcc/arm-none-eabi/7.3.1/../../../../arm-none-eabi/lib/thumb/v6-m/crt0.o
[...]
Memory Configuration

Name             Origin             Length             Attributes
RAM              0x0000000020000000 0x0000000000001800 xrw
FLASH            0x0000000008000000 0x0000000000004000 xr
*default*        0x0000000000000000 0xffffffffffffffff

Linker script and memory map

LOAD /opt/st/stm32cubeide_1.5.0/plugins/com.st.stm32cube.ide.mcu.externaltools.gnu-tools-for-stm32.7-2018-q2-update.linux64_1.5.0.202011040924/tools/bin/../lib/gcc/arm-none-eabi/7.3.1/thumb/v6-m/crti.o
LOAD /opt/st/stm32cubeide_1.5.0/plugins/com.st.stm32cube.ide.mcu.externaltools.gnu-tools-for-stm32.7-2018-q2-update.linux64_1.5.0.202011040924/tools/bin/../lib/gcc/arm-none-eabi/7.3.1/thumb/v6-m/crtbegin.o
LOAD /opt/st/stm32cubeide_1.5.0/plugins/com.st.stm32cube.ide.mcu.externaltools.gnu-tools-for-stm32.7-2018-q2-update.linux64_1.5.0.202011040924/tools/bin/../lib/gcc/arm-none-eabi/7.3.1/../../../../arm-none-eabi/lib/thumb/v6-m/crt0.o
LOAD Core/Src/main.o
LOAD Core/Src/stm32f0xx_hal_msp.o
LOAD Core/Src/stm32f0xx_it.o
LOAD Core/Src/syscalls.o
LOAD Core/Src/sysmem.o
LOAD Core/Src/system_stm32f0xx.o
LOAD Core/Startup/startup_stm32f042f4px.o
LOAD Drivers/STM32F0xx_HAL_Driver/Src/stm32f0xx_hal.o
LOAD Drivers/STM32F0xx_HAL_Driver/Src/stm32f0xx_hal_cortex.o
LOAD Drivers/STM32F0xx_HAL_Driver/Src/stm32f0xx_hal_dma.o
LOAD Drivers/STM32F0xx_HAL_Driver/Src/stm32f0xx_hal_exti.o
LOAD Drivers/STM32F0xx_HAL_Driver/Src/stm32f0xx_hal_flash.o
LOAD Drivers/STM32F0xx_HAL_Driver/Src/stm32f0xx_hal_flash_ex.o
LOAD Drivers/STM32F0xx_HAL_Driver/Src/stm32f0xx_hal_gpio.o
LOAD Drivers/STM32F0xx_HAL_Driver/Src/stm32f0xx_hal_i2c.o
LOAD Drivers/STM32F0xx_HAL_Driver/Src/stm32f0xx_hal_i2c_ex.o
LOAD Drivers/STM32F0xx_HAL_Driver/Src/stm32f0xx_hal_pcd.o
LOAD Drivers/STM32F0xx_HAL_Driver/Src/stm32f0xx_hal_pcd_ex.o
LOAD Drivers/STM32F0xx_HAL_Driver/Src/stm32f0xx_hal_pwr.o
LOAD Drivers/STM32F0xx_HAL_Driver/Src/stm32f0xx_hal_pwr_ex.o
LOAD Drivers/STM32F0xx_HAL_Driver/Src/stm32f0xx_hal_rcc.o
LOAD Drivers/STM32F0xx_HAL_Driver/Src/stm32f0xx_hal_rcc_ex.o
LOAD Drivers/STM32F0xx_HAL_Driver/Src/stm32f0xx_hal_tim.o
LOAD Drivers/STM32F0xx_HAL_Driver/Src/stm32f0xx_hal_tim_ex.o
LOAD Drivers/STM32F0xx_HAL_Driver/Src/stm32f0xx_ll_usb.o
LOAD Middlewares/ST/STM32_USB_Device_Library/Class/HID/Src/usbd_hid.o
LOAD Middlewares/ST/STM32_USB_Device_Library/Core/Src/usbd_core.o
LOAD Middlewares/ST/STM32_USB_Device_Library/Core/Src/usbd_ctlreq.o
LOAD Middlewares/ST/STM32_USB_Device_Library/Core/Src/usbd_ioreq.o
LOAD USB_DEVICE/App/usb_device.o
LOAD USB_DEVICE/App/usbd_desc.o
LOAD USB_DEVICE/Target/usbd_conf.o
START GROUP
LOAD /opt/st/stm32cubeide_1.5.0/plugins/com.st.stm32cube.ide.mcu.externaltools.gnu-tools-for-stm32.7-2018-q2-update.linux64_1.5.0.202011040924/tools/bin/../lib/gcc/arm-none-eabi/7.3.1/../../../../arm-none-eabi/lib/thumb/v6-m/libstdc++_nano.a
LOAD /opt/st/stm32cubeide_1.5.0/plugins/com.st.stm32cube.ide.mcu.externaltools.gnu-tools-for-stm32.7-2018-q2-update.linux64_1.5.0.202011040924/tools/bin/../lib/gcc/arm-none-eabi/7.3.1/../../../../arm-none-eabi/lib/thumb/v6-m/libsupc++_nano.a
END GROUP
LOAD /opt/st/stm32cubeide_1.5.0/plugins/com.st.stm32cube.ide.mcu.externaltools.gnu-tools-for-stm32.7-2018-q2-update.linux64_1.5.0.202011040924/tools/bin/../lib/gcc/arm-none-eabi/7.3.1/../../../../arm-none-eabi/lib/thumb/v6-m/libstdc++_nano.a
LOAD /opt/st/stm32cubeide_1.5.0/plugins/com.st.stm32cube.ide.mcu.externaltools.gnu-tools-for-stm32.7-2018-q2-update.linux64_1.5.0.202011040924/tools/bin/../lib/gcc/arm-none-eabi/7.3.1/../../../../arm-none-eabi/lib/thumb/v6-m/libm.a
LOAD /opt/st/stm32cubeide_1.5.0/plugins/com.st.stm32cube.ide.mcu.externaltools.gnu-tools-for-stm32.7-2018-q2-update.linux64_1.5.0.202011040924/tools/bin/../lib/gcc/arm-none-eabi/7.3.1/../../../../arm-none-eabi/lib/thumb/v6-m/libc_nano.a
START GROUP
LOAD /opt/st/stm32cubeide_1.5.0/plugins/com.st.stm32cube.ide.mcu.externaltools.gnu-tools-for-stm32.7-2018-q2-update.linux64_1.5.0.202011040924/tools/bin/../lib/gcc/arm-none-eabi/7.3.1/thumb/v6-m/libgcc.a
LOAD /opt/st/stm32cubeide_1.5.0/plugins/com.st.stm32cube.ide.mcu.externaltools.gnu-tools-for-stm32.7-2018-q2-update.linux64_1.5.0.202011040924/tools/bin/../lib/gcc/arm-none-eabi/7.3.1/../../../../arm-none-eabi/lib/thumb/v6-m/libc_nano.a
END GROUP
START GROUP
LOAD /opt/st/stm32cubeide_1.5.0/plugins/com.st.stm32cube.ide.mcu.externaltools.gnu-tools-for-stm32.7-2018-q2-update.linux64_1.5.0.202011040924/tools/bin/../lib/gcc/arm-none-eabi/7.3.1/thumb/v6-m/libgcc.a
LOAD /opt/st/stm32cubeide_1.5.0/plugins/com.st.stm32cube.ide.mcu.externaltools.gnu-tools-for-stm32.7-2018-q2-update.linux64_1.5.0.202011040924/tools/bin/../lib/gcc/arm-none-eabi/7.3.1/../../../../arm-none-eabi/lib/thumb/v6-m/libc_nano.a
LOAD /opt/st/stm32cubeide_1.5.0/plugins/com.st.stm32cube.ide.mcu.externaltools.gnu-tools-for-stm32.7-2018-q2-update.linux64_1.5.0.202011040924/tools/bin/../lib/gcc/arm-none-eabi/7.3.1/../../../../arm-none-eabi/lib/thumb/v6-m/libnosys.a
END GROUP
START GROUP
LOAD /opt/st/stm32cubeide_1.5.0/plugins/com.st.stm32cube.ide.mcu.externaltools.gnu-tools-for-stm32.7-2018-q2-update.linux64_1.5.0.202011040924/tools/bin/../lib/gcc/arm-none-eabi/7.3.1/thumb/v6-m/libgcc.a
LOAD /opt/st/stm32cubeide_1.5.0/plugins/com.st.stm32cube.ide.mcu.externaltools.gnu-tools-for-stm32.7-2018-q2-update.linux64_1.5.0.202011040924/tools/bin/../lib/gcc/arm-none-eabi/7.3.1/../../../../arm-none-eabi/lib/thumb/v6-m/libc_nano.a
LOAD /opt/st/stm32cubeide_1.5.0/plugins/com.st.stm32cube.ide.mcu.externaltools.gnu-tools-for-stm32.7-2018-q2-update.linux64_1.5.0.202011040924/tools/bin/../lib/gcc/arm-none-eabi/7.3.1/../../../../arm-none-eabi/lib/thumb/v6-m/libnosys.a
END GROUP
LOAD /opt/st/stm32cubeide_1.5.0/plugins/com.st.stm32cube.ide.mcu.externaltools.gnu-tools-for-stm32.7-2018-q2-update.linux64_1.5.0.202011040924/tools/bin/../lib/gcc/arm-none-eabi/7.3.1/thumb/v6-m/crtend.o
LOAD /opt/st/stm32cubeide_1.5.0/plugins/com.st.stm32cube.ide.mcu.externaltools.gnu-tools-for-stm32.7-2018-q2-update.linux64_1.5.0.202011040924/tools/bin/../lib/gcc/arm-none-eabi/7.3.1/thumb/v6-m/crtn.o
                0x0000000020001800                _estack = (ORIGIN (RAM) + LENGTH (RAM))
                0x0000000000000200                _Min_Heap_Size = 0x200
                0x0000000000000400                _Min_Stack_Size = 0x400

.isr_vector     0x0000000008000000       0xc0
                0x0000000008000000                . = ALIGN (0x4)
 *(.isr_vector)
 .isr_vector    0x0000000008000000       0xc0 Core/Startup/startup_stm32f042f4px.o
                0x0000000008000000                g_pfnVectors
                0x00000000080000c0                . = ALIGN (0x4)

.text           0x00000000080000c0     0x6d98
                0x00000000080000c0                . = ALIGN (0x4)
 *(.text)
 .text          0x00000000080000c0       0x48 /opt/st/stm32cubeide_1.5.0/plugins/com.st.stm32cube.ide.mcu.externaltools.gnu-tools-for-stm32.7-2018-q2-update.linux64_1.5.0.202011040924/tools/bin/../lib/gcc/arm-none-eabi/7.3.1/thumb/v6-m/crtbegin.o
 .text          0x0000000008000108      0x114 /opt/st/stm32cubeide_1.5.0/plugins/com.st.stm32cube.ide.mcu.externaltools.gnu-tools-for-stm32.7-2018-q2-update.linux64_1.5.0.202011040924/tools/bin/../lib/gcc/arm-none-eabi/7.3.1/thumb/v6-m/libgcc.a(_udivsi3.o)
                0x0000000008000108                __udivsi3
                0x0000000008000108                __aeabi_uidiv
                0x0000000008000214                __aeabi_uidivmod
 .text          0x000000000800021c        0x4 /opt/st/stm32cubeide_1.5.0/plugins/com.st.stm32cube.ide.mcu.externaltools.gnu-tools-for-stm32.7-2018-q2-update.linux64_1.5.0.202011040924/tools/bin/../lib/gcc/arm-none-eabi/7.3.1/thumb/v6-m/libgcc.a(_dvmd_tls.o)
                0x000000000800021c                __aeabi_ldiv0
                0x000000000800021c                __aeabi_idiv0
 *(.text*)
 .text.main     0x0000000008000220       0x16 Core/Src/main.o
                0x0000000008000220                main
 *fill*         0x0000000008000236        0x2 
 .text.SystemClock_Config
                0x0000000008000238      0x10c Core/Src/main.o
                0x0000000008000238                SystemClock_Config
 .text.MX_GPIO_Init
                0x0000000008000344       0x30 Core/Src/main.o
 .text.Error_Handler
                0x0000000008000374        0x8 Core/Src/main.o
                0x0000000008000374                Error_Handler
 .text.HAL_MspInit
                0x000000000800037c       0x58 Core/Src/stm32f0xx_hal_msp.o
                0x000000000800037c                HAL_MspInit
 .text.NMI_Handler
                0x00000000080003d4        0x6 Core/Src/stm32f0xx_it.o
                0x00000000080003d4                NMI_Handler
 .text.HardFault_Handler
                0x00000000080003da        0x6 Core/Src/stm32f0xx_it.o
                0x00000000080003da                HardFault_Handler
 .text.SVC_Handler
                0x00000000080003e0        0xa Core/Src/stm32f0xx_it.o
                0x00000000080003e0                SVC_Handler
 .text.PendSV_Handler
                0x00000000080003ea        0xa Core/Src/stm32f0xx_it.o
                0x00000000080003ea                PendSV_Handler
 .text.SysTick_Handler
                0x00000000080003f4        0xe Core/Src/stm32f0xx_it.o
                0x00000000080003f4                SysTick_Handler
 *fill*         0x0000000008000402        0x2 
 .text.USB_IRQHandler
                0x0000000008000404       0x18 Core/Src/stm32f0xx_it.o
                0x0000000008000404                USB_IRQHandler
 .text.SystemInit
                0x000000000800041c        0xa Core/Src/system_stm32f0xx.o
                0x000000000800041c                SystemInit
 *fill*         0x0000000008000426        0x2 
 .text.Reset_Handler
                0x0000000008000428       0x80 Core/Startup/startup_stm32f042f4px.o
                0x0000000008000428                Reset_Handler
 .text.Default_Handler
                0x00000000080004a8        0x2 Core/Startup/startup_stm32f042f4px.o
                0x00000000080004a8                TIM1_CC_IRQHandler
                0x00000000080004a8                TSC_IRQHandler
                0x00000000080004a8                I2C1_IRQHandler
                0x00000000080004a8                RCC_CRS_IRQHandler
                0x00000000080004a8                SPI1_IRQHandler
                0x00000000080004a8                EXTI2_3_IRQHandler
                0x00000000080004a8                ADC1_IRQHandler
                0x00000000080004a8                TIM17_IRQHandler
                0x00000000080004a8                CEC_CAN_IRQHandler
                0x00000000080004a8                RTC_IRQHandler
                0x00000000080004a8                PVD_VDDIO2_IRQHandler
                0x00000000080004a8                TIM16_IRQHandler
                0x00000000080004a8                TIM3_IRQHandler
                0x00000000080004a8                EXTI4_15_IRQHandler
                0x00000000080004a8                DMA1_Channel1_IRQHandler
                0x00000000080004a8                Default_Handler
                0x00000000080004a8                TIM14_IRQHandler
                0x00000000080004a8                DMA1_Channel4_5_IRQHandler
                0x00000000080004a8                EXTI0_1_IRQHandler
                0x00000000080004a8                SPI2_IRQHandler
                0x00000000080004a8                WWDG_IRQHandler
                0x00000000080004a8                TIM2_IRQHandler
                0x00000000080004a8                DMA1_Channel2_3_IRQHandler
                0x00000000080004a8                USART2_IRQHandler
                0x00000000080004a8                FLASH_IRQHandler
                0x00000000080004a8                USART1_IRQHandler
                0x00000000080004a8                TIM1_BRK_UP_TRG_COM_IRQHandler
 *fill*         0x00000000080004aa        0x2 
 .text.HAL_Init
                0x00000000080004ac       0x28 Drivers/STM32F0xx_HAL_Driver/Src/stm32f0xx_hal.o
                0x00000000080004ac                HAL_Init
 .text.HAL_InitTick
                0x00000000080004d4       0x68 Drivers/STM32F0xx_HAL_Driver/Src/stm32f0xx_hal.o
                0x00000000080004d4                HAL_InitTick
 .text.HAL_IncTick
                0x000000000800053c       0x24 Drivers/STM32F0xx_HAL_Driver/Src/stm32f0xx_hal.o
                0x000000000800053c                HAL_IncTick
 .text.HAL_GetTick
                0x0000000008000560       0x14 Drivers/STM32F0xx_HAL_Driver/Src/stm32f0xx_hal.o
                0x0000000008000560                HAL_GetTick
 .text.__NVIC_EnableIRQ
                0x0000000008000574       0x34 Drivers/STM32F0xx_HAL_Driver/Src/stm32f0xx_hal_cortex.o
 .text.__NVIC_SetPriority
                0x00000000080005a8       0xdc Drivers/STM32F0xx_HAL_Driver/Src/stm32f0xx_hal_cortex.o
 .text.SysTick_Config
                0x0000000008000684       0x48 Drivers/STM32F0xx_HAL_Driver/Src/stm32f0xx_hal_cortex.o
 .text.HAL_NVIC_SetPriority
                0x00000000080006cc       0x2a Drivers/STM32F0xx_HAL_Driver/Src/stm32f0xx_hal_cortex.o
                0x00000000080006cc                HAL_NVIC_SetPriority
 .text.HAL_NVIC_EnableIRQ
                0x00000000080006f6       0x20 Drivers/STM32F0xx_HAL_Driver/Src/stm32f0xx_hal_cortex.o
                0x00000000080006f6                HAL_NVIC_EnableIRQ
 .text.HAL_SYSTICK_Config
                0x0000000008000716       0x1a Drivers/STM32F0xx_HAL_Driver/Src/stm32f0xx_hal_cortex.o
                0x0000000008000716                HAL_SYSTICK_Config
 .text.HAL_PCD_Init
                0x0000000008000730      0x220 Drivers/STM32F0xx_HAL_Driver/Src/stm32f0xx_hal_pcd.o
                0x0000000008000730                HAL_PCD_Init
 .text.HAL_PCD_Start
                0x0000000008000950       0x4a Drivers/STM32F0xx_HAL_Driver/Src/stm32f0xx_hal_pcd.o
                0x0000000008000950                HAL_PCD_Start
 *fill*         0x000000000800099a        0x2 
 .text.HAL_PCD_IRQHandler
                0x000000000800099c      0x2f8 Drivers/STM32F0xx_HAL_Driver/Src/stm32f0xx_hal_pcd.o
                0x000000000800099c                HAL_PCD_IRQHandler
 .text.HAL_PCD_SetAddress
                0x0000000008000c94       0x56 Drivers/STM32F0xx_HAL_Driver/Src/stm32f0xx_hal_pcd.o
                0x0000000008000c94                HAL_PCD_SetAddress
 .text.HAL_PCD_EP_Open
                0x0000000008000cea       0xf0 Drivers/STM32F0xx_HAL_Driver/Src/stm32f0xx_hal_pcd.o
                0x0000000008000cea                HAL_PCD_EP_Open
 .text.HAL_PCD_EP_Close
                0x0000000008000dda       0xa2 Drivers/STM32F0xx_HAL_Driver/Src/stm32f0xx_hal_pcd.o
                0x0000000008000dda                HAL_PCD_EP_Close
 .text.HAL_PCD_EP_Receive
                0x0000000008000e7c       0x88 Drivers/STM32F0xx_HAL_Driver/Src/stm32f0xx_hal_pcd.o
                0x0000000008000e7c                HAL_PCD_EP_Receive
 .text.HAL_PCD_EP_Transmit
                0x0000000008000f04       0x92 Drivers/STM32F0xx_HAL_Driver/Src/stm32f0xx_hal_pcd.o
                0x0000000008000f04                HAL_PCD_EP_Transmit
 .text.HAL_PCD_EP_SetStall
                0x0000000008000f96       0xb8 Drivers/STM32F0xx_HAL_Driver/Src/stm32f0xx_hal_pcd.o
                0x0000000008000f96                HAL_PCD_EP_SetStall
 .text.HAL_PCD_EP_ClrStall
                0x000000000800104e       0xbc Drivers/STM32F0xx_HAL_Driver/Src/stm32f0xx_hal_pcd.o
                0x000000000800104e                HAL_PCD_EP_ClrStall
 *fill*         0x000000000800110a        0x2 
 .text.PCD_EP_ISR_Handler
                0x000000000800110c      0x688 Drivers/STM32F0xx_HAL_Driver/Src/stm32f0xx_hal_pcd.o
 .text.HAL_PCD_EP_DB_Receive
                0x0000000008001794      0x240 Drivers/STM32F0xx_HAL_Driver/Src/stm32f0xx_hal_pcd.o
 .text.HAL_PCD_EP_DB_Transmit
                0x00000000080019d4      0x568 Drivers/STM32F0xx_HAL_Driver/Src/stm32f0xx_hal_pcd.o
 .text.HAL_PCDEx_PMAConfig
                0x0000000008001f3c       0x9c Drivers/STM32F0xx_HAL_Driver/Src/stm32f0xx_hal_pcd_ex.o
                0x0000000008001f3c                HAL_PCDEx_PMAConfig
 .text.HAL_PCDEx_ActivateLPM
                0x0000000008001fd8       0x54 Drivers/STM32F0xx_HAL_Driver/Src/stm32f0xx_hal_pcd_ex.o
                0x0000000008001fd8                HAL_PCDEx_ActivateLPM
 .text.HAL_PCDEx_LPM_Callback
                0x000000000800202c       0x16 Drivers/STM32F0xx_HAL_Driver/Src/stm32f0xx_hal_pcd_ex.o
                0x000000000800202c                HAL_PCDEx_LPM_Callback
 *fill*         0x0000000008002042        0x2 
 .text.HAL_RCC_OscConfig
                0x0000000008002044      0x70c Drivers/STM32F0xx_HAL_Driver/Src/stm32f0xx_hal_rcc.o
                0x0000000008002044                HAL_RCC_OscConfig
 .text.HAL_RCC_ClockConfig
                0x0000000008002750      0x1b4 Drivers/STM32F0xx_HAL_Driver/Src/stm32f0xx_hal_rcc.o
                0x0000000008002750                HAL_RCC_ClockConfig
 .text.HAL_RCC_GetSysClockFreq
                0x0000000008002904       0xfc Drivers/STM32F0xx_HAL_Driver/Src/stm32f0xx_hal_rcc.o
                0x0000000008002904                HAL_RCC_GetSysClockFreq
 .text.HAL_RCCEx_PeriphCLKConfig
                0x0000000008002a00      0x1dc Drivers/STM32F0xx_HAL_Driver/Src/stm32f0xx_hal_rcc_ex.o
                0x0000000008002a00                HAL_RCCEx_PeriphCLKConfig
 .text.HAL_RCCEx_CRSConfig
                0x0000000008002bdc       0x90 Drivers/STM32F0xx_HAL_Driver/Src/stm32f0xx_hal_rcc_ex.o
                0x0000000008002bdc                HAL_RCCEx_CRSConfig
 .text.USB_EnableGlobalInt
                0x0000000008002c6c       0x2c Drivers/STM32F0xx_HAL_Driver/Src/stm32f0xx_ll_usb.o
                0x0000000008002c6c                USB_EnableGlobalInt
 .text.USB_DisableGlobalInt
                0x0000000008002c98       0x34 Drivers/STM32F0xx_HAL_Driver/Src/stm32f0xx_ll_usb.o
                0x0000000008002c98                USB_DisableGlobalInt
 .text.USB_DevInit
                0x0000000008002ccc       0x58 Drivers/STM32F0xx_HAL_Driver/Src/stm32f0xx_ll_usb.o
                0x0000000008002ccc                USB_DevInit
 .text.USB_ActivateEndpoint
                0x0000000008002d24      0x6ac Drivers/STM32F0xx_HAL_Driver/Src/stm32f0xx_ll_usb.o
                0x0000000008002d24                USB_ActivateEndpoint
 .text.USB_DeactivateEndpoint
                0x00000000080033d0      0x380 Drivers/STM32F0xx_HAL_Driver/Src/stm32f0xx_ll_usb.o
                0x00000000080033d0                USB_DeactivateEndpoint
 .text.USB_EPStartXfer
                0x0000000008003750     0x12ac Drivers/STM32F0xx_HAL_Driver/Src/stm32f0xx_ll_usb.o
                0x0000000008003750                USB_EPStartXfer
 .text.USB_EPSetStall
                0x00000000080049fc       0xa0 Drivers/STM32F0xx_HAL_Driver/Src/stm32f0xx_ll_usb.o
                0x00000000080049fc                USB_EPSetStall
 .text.USB_EPClearStall
                0x0000000008004a9c      0x164 Drivers/STM32F0xx_HAL_Driver/Src/stm32f0xx_ll_usb.o
                0x0000000008004a9c                USB_EPClearStall
 .text.USB_SetDevAddress
                0x0000000008004c00       0x28 Drivers/STM32F0xx_HAL_Driver/Src/stm32f0xx_ll_usb.o
                0x0000000008004c00                USB_SetDevAddress
 .text.USB_DevConnect
                0x0000000008004c28       0x2c Drivers/STM32F0xx_HAL_Driver/Src/stm32f0xx_ll_usb.o
                0x0000000008004c28                USB_DevConnect
 .text.USB_ReadInterrupts
                0x0000000008004c54       0x1c Drivers/STM32F0xx_HAL_Driver/Src/stm32f0xx_ll_usb.o
                0x0000000008004c54                USB_ReadInterrupts
 .text.USB_WritePMA
                0x0000000008004c70       0x86 Drivers/STM32F0xx_HAL_Driver/Src/stm32f0xx_ll_usb.o
                0x0000000008004c70                USB_WritePMA
 .text.USB_ReadPMA
                0x0000000008004cf6       0x9e Drivers/STM32F0xx_HAL_Driver/Src/stm32f0xx_ll_usb.o
                0x0000000008004cf6                USB_ReadPMA
 .text.USBD_HID_Init
                0x0000000008004d94       0x56 Middlewares/ST/STM32_USB_Device_Library/Class/HID/Src/usbd_hid.o
 .text.USBD_HID_DeInit
                0x0000000008004dea       0x4c Middlewares/ST/STM32_USB_Device_Library/Class/HID/Src/usbd_hid.o
 *fill*         0x0000000008004e36        0x2 
 .text.USBD_HID_Setup
                0x0000000008004e38      0x218 Middlewares/ST/STM32_USB_Device_Library/Class/HID/Src/usbd_hid.o
 .text.USBD_HID_GetFSCfgDesc
                0x0000000008005050       0x1c Middlewares/ST/STM32_USB_Device_Library/Class/HID/Src/usbd_hid.o
 .text.USBD_HID_GetHSCfgDesc
                0x000000000800506c       0x1c Middlewares/ST/STM32_USB_Device_Library/Class/HID/Src/usbd_hid.o
 .text.USBD_HID_GetOtherSpeedCfgDesc
                0x0000000008005088       0x1c Middlewares/ST/STM32_USB_Device_Library/Class/HID/Src/usbd_hid.o
 .text.USBD_HID_DataIn
                0x00000000080050a4       0x24 Middlewares/ST/STM32_USB_Device_Library/Class/HID/Src/usbd_hid.o
 .text.USBD_HID_GetDeviceQualifierDesc
                0x00000000080050c8       0x1c Middlewares/ST/STM32_USB_Device_Library/Class/HID/Src/usbd_hid.o
 .text.USBD_Init
                0x00000000080050e4       0x62 Middlewares/ST/STM32_USB_Device_Library/Core/Src/usbd_core.o
                0x00000000080050e4                USBD_Init
 .text.USBD_RegisterClass
                0x0000000008005146       0x42 Middlewares/ST/STM32_USB_Device_Library/Core/Src/usbd_core.o
                0x0000000008005146                USBD_RegisterClass
 .text.USBD_Start
                0x0000000008005188       0x1a Middlewares/ST/STM32_USB_Device_Library/Core/Src/usbd_core.o
                0x0000000008005188                USBD_Start
 .text.USBD_RunTestMode
                0x00000000080051a2       0x12 Middlewares/ST/STM32_USB_Device_Library/Core/Src/usbd_core.o
                0x00000000080051a2                USBD_RunTestMode
 .text.USBD_SetClassConfig
                0x00000000080051b4       0x50 Middlewares/ST/STM32_USB_Device_Library/Core/Src/usbd_core.o
                0x00000000080051b4                USBD_SetClassConfig
 .text.USBD_ClrClassConfig
                0x0000000008005204       0x2c Middlewares/ST/STM32_USB_Device_Library/Core/Src/usbd_core.o
                0x0000000008005204                USBD_ClrClassConfig
 .text.USBD_LL_SetupStage
                0x0000000008005230       0xb8 Middlewares/ST/STM32_USB_Device_Library/Core/Src/usbd_core.o
                0x0000000008005230                USBD_LL_SetupStage
 .text.USBD_LL_DataOutStage
                0x00000000080052e8      0x104 Middlewares/ST/STM32_USB_Device_Library/Core/Src/usbd_core.o
                0x00000000080052e8                USBD_LL_DataOutStage
 .text.USBD_LL_DataInStage
                0x00000000080053ec      0x17a Middlewares/ST/STM32_USB_Device_Library/Core/Src/usbd_core.o
                0x00000000080053ec                USBD_LL_DataInStage
 .text.USBD_LL_Reset
                0x0000000008005566       0x90 Middlewares/ST/STM32_USB_Device_Library/Core/Src/usbd_core.o
                0x0000000008005566                USBD_LL_Reset
 .text.USBD_LL_SetSpeed
                0x00000000080055f6       0x20 Middlewares/ST/STM32_USB_Device_Library/Core/Src/usbd_core.o
                0x00000000080055f6                USBD_LL_SetSpeed
 *fill*         0x0000000008005616        0x2 
 .text.USBD_LL_Suspend
                0x0000000008005618       0x30 Middlewares/ST/STM32_USB_Device_Library/Core/Src/usbd_core.o
                0x0000000008005618                USBD_LL_Suspend
 .text.USBD_LL_Resume
                0x0000000008005648       0x30 Middlewares/ST/STM32_USB_Device_Library/Core/Src/usbd_core.o
                0x0000000008005648                USBD_LL_Resume
 .text.USBD_LL_SOF
                0x0000000008005678       0x3c Middlewares/ST/STM32_USB_Device_Library/Core/Src/usbd_core.o
                0x0000000008005678                USBD_LL_SOF
 .text.USBD_StdDevReq
                0x00000000080056b4       0xe4 Middlewares/ST/STM32_USB_Device_Library/Core/Src/usbd_ctlreq.o
                0x00000000080056b4                USBD_StdDevReq
 .text.USBD_StdItfReq
                0x0000000008005798       0xae Middlewares/ST/STM32_USB_Device_Library/Core/Src/usbd_ctlreq.o
                0x0000000008005798                USBD_StdItfReq
 .text.USBD_StdEPReq
                0x0000000008005846      0x37c Middlewares/ST/STM32_USB_Device_Library/Core/Src/usbd_ctlreq.o
                0x0000000008005846                USBD_StdEPReq
 *fill*         0x0000000008005bc2        0x2 
 .text.USBD_GetDescriptor
                0x0000000008005bc4      0x368 Middlewares/ST/STM32_USB_Device_Library/Core/Src/usbd_ctlreq.o
 .text.USBD_SetAddress
                0x0000000008005f2c       0xa8 Middlewares/ST/STM32_USB_Device_Library/Core/Src/usbd_ctlreq.o
 .text.USBD_SetConfig
                0x0000000008005fd4      0x148 Middlewares/ST/STM32_USB_Device_Library/Core/Src/usbd_ctlreq.o
 .text.USBD_GetConfig
                0x000000000800611c       0x74 Middlewares/ST/STM32_USB_Device_Library/Core/Src/usbd_ctlreq.o
 .text.USBD_GetStatus
                0x0000000008006190       0x74 Middlewares/ST/STM32_USB_Device_Library/Core/Src/usbd_ctlreq.o
 .text.USBD_SetFeature
                0x0000000008006204       0x2c Middlewares/ST/STM32_USB_Device_Library/Core/Src/usbd_ctlreq.o
 .text.USBD_ClrFeature
                0x0000000008006230       0x4c Middlewares/ST/STM32_USB_Device_Library/Core/Src/usbd_ctlreq.o
 .text.USBD_ParseSetupRequest
                0x000000000800627c       0x76 Middlewares/ST/STM32_USB_Device_Library/Core/Src/usbd_ctlreq.o
                0x000000000800627c                USBD_ParseSetupRequest
 .text.USBD_CtlError
                0x00000000080062f2       0x26 Middlewares/ST/STM32_USB_Device_Library/Core/Src/usbd_ctlreq.o
                0x00000000080062f2                USBD_CtlError
 .text.USBD_GetString
                0x0000000008006318       0x9e Middlewares/ST/STM32_USB_Device_Library/Core/Src/usbd_ctlreq.o
                0x0000000008006318                USBD_GetString
 .text.USBD_GetLen
                0x00000000080063b6       0x3a Middlewares/ST/STM32_USB_Device_Library/Core/Src/usbd_ctlreq.o
 .text.USBD_CtlSendData
                0x00000000080063f0       0x40 Middlewares/ST/STM32_USB_Device_Library/Core/Src/usbd_ioreq.o
                0x00000000080063f0                USBD_CtlSendData
 .text.USBD_CtlContinueSendData
                0x0000000008006430       0x26 Middlewares/ST/STM32_USB_Device_Library/Core/Src/usbd_ioreq.o
                0x0000000008006430                USBD_CtlContinueSendData
 .text.USBD_CtlContinueRx
                0x0000000008006456       0x26 Middlewares/ST/STM32_USB_Device_Library/Core/Src/usbd_ioreq.o
                0x0000000008006456                USBD_CtlContinueRx
 .text.USBD_CtlSendStatus
                0x000000000800647c       0x28 Middlewares/ST/STM32_USB_Device_Library/Core/Src/usbd_ioreq.o
                0x000000000800647c                USBD_CtlSendStatus
 .text.USBD_CtlReceiveStatus
                0x00000000080064a4       0x28 Middlewares/ST/STM32_USB_Device_Library/Core/Src/usbd_ioreq.o
                0x00000000080064a4                USBD_CtlReceiveStatus
 .text.MX_USB_DEVICE_Init
                0x00000000080064cc       0x50 USB_DEVICE/App/usb_device.o
                0x00000000080064cc                MX_USB_DEVICE_Init
 .text.USBD_FS_DeviceDescriptor
                0x000000000800651c       0x24 USB_DEVICE/App/usbd_desc.o
                0x000000000800651c                USBD_FS_DeviceDescriptor
 .text.USBD_FS_LangIDStrDescriptor
                0x0000000008006540       0x24 USB_DEVICE/App/usbd_desc.o
                0x0000000008006540                USBD_FS_LangIDStrDescriptor
 .text.USBD_FS_ProductStrDescriptor
                0x0000000008006564       0x44 USB_DEVICE/App/usbd_desc.o
                0x0000000008006564                USBD_FS_ProductStrDescriptor
 .text.USBD_FS_ManufacturerStrDescriptor
                0x00000000080065a8       0x2c USB_DEVICE/App/usbd_desc.o
                0x00000000080065a8                USBD_FS_ManufacturerStrDescriptor
 .text.USBD_FS_SerialStrDescriptor
                0x00000000080065d4       0x28 USB_DEVICE/App/usbd_desc.o
                0x00000000080065d4                USBD_FS_SerialStrDescriptor
 .text.USBD_FS_ConfigStrDescriptor
                0x00000000080065fc       0x44 USB_DEVICE/App/usbd_desc.o
                0x00000000080065fc                USBD_FS_ConfigStrDescriptor
 .text.USBD_FS_InterfaceStrDescriptor
                0x0000000008006640       0x44 USB_DEVICE/App/usbd_desc.o
                0x0000000008006640                USBD_FS_InterfaceStrDescriptor
 .text.Get_SerialNum
                0x0000000008006684       0x5c USB_DEVICE/App/usbd_desc.o
 .text.IntToUnicode
                0x00000000080066e0       0x94 USB_DEVICE/App/usbd_desc.o
 .text.HAL_PCD_MspInit
                0x0000000008006774       0x50 USB_DEVICE/Target/usbd_conf.o
                0x0000000008006774                HAL_PCD_MspInit
 .text.HAL_PCD_SetupStageCallback
                0x00000000080067c4       0x2a USB_DEVICE/Target/usbd_conf.o
                0x00000000080067c4                HAL_PCD_SetupStageCallback
 .text.HAL_PCD_DataOutStageCallback
                0x00000000080067ee       0x42 USB_DEVICE/Target/usbd_conf.o
                0x00000000080067ee                HAL_PCD_DataOutStageCallback
 .text.HAL_PCD_DataInStageCallback
                0x0000000008006830       0x3c USB_DEVICE/Target/usbd_conf.o
                0x0000000008006830                HAL_PCD_DataInStageCallback
 .text.HAL_PCD_SOFCallback
                0x000000000800686c       0x1e USB_DEVICE/Target/usbd_conf.o
                0x000000000800686c                HAL_PCD_SOFCallback
 .text.HAL_PCD_ResetCallback
                0x000000000800688a       0x48 USB_DEVICE/Target/usbd_conf.o
                0x000000000800688a                HAL_PCD_ResetCallback
 *fill*         0x00000000080068d2        0x2 
 .text.HAL_PCD_SuspendCallback
                0x00000000080068d4       0x38 USB_DEVICE/Target/usbd_conf.o
                0x00000000080068d4                HAL_PCD_SuspendCallback
 .text.HAL_PCD_ResumeCallback
                0x000000000800690c       0x3c USB_DEVICE/Target/usbd_conf.o
                0x000000000800690c                HAL_PCD_ResumeCallback
 .text.USBD_LL_Init
                0x0000000008006948       0xa0 USB_DEVICE/Target/usbd_conf.o
                0x0000000008006948                USBD_LL_Init
 .text.USBD_LL_Start
                0x00000000080069e8       0x4c USB_DEVICE/Target/usbd_conf.o
                0x00000000080069e8                USBD_LL_Start
 .text.USBD_LL_OpenEP
                0x0000000008006a34       0x6e USB_DEVICE/Target/usbd_conf.o
                0x0000000008006a34                USBD_LL_OpenEP
 .text.USBD_LL_CloseEP
                0x0000000008006aa2       0x58 USB_DEVICE/Target/usbd_conf.o
                0x0000000008006aa2                USBD_LL_CloseEP
 .text.USBD_LL_StallEP
                0x0000000008006afa       0x58 USB_DEVICE/Target/usbd_conf.o
                0x0000000008006afa                USBD_LL_StallEP
 .text.USBD_LL_ClearStallEP
                0x0000000008006b52       0x58 USB_DEVICE/Target/usbd_conf.o
                0x0000000008006b52                USBD_LL_ClearStallEP
 .text.USBD_LL_IsStallEP
                0x0000000008006baa       0x62 USB_DEVICE/Target/usbd_conf.o
                0x0000000008006baa                USBD_LL_IsStallEP
 .text.USBD_LL_SetUSBAddress
                0x0000000008006c0c       0x58 USB_DEVICE/Target/usbd_conf.o
                0x0000000008006c0c                USBD_LL_SetUSBAddress
 .text.USBD_LL_Transmit
                0x0000000008006c64       0x70 USB_DEVICE/Target/usbd_conf.o
                0x0000000008006c64                USBD_LL_Transmit
 .text.USBD_LL_PrepareReceive
                0x0000000008006cd4       0x70 USB_DEVICE/Target/usbd_conf.o
                0x0000000008006cd4                USBD_LL_PrepareReceive
 .text.USBD_static_malloc
                0x0000000008006d44       0x18 USB_DEVICE/Target/usbd_conf.o
                0x0000000008006d44                USBD_static_malloc
 .text.USBD_static_free
                0x0000000008006d5c       0x10 USB_DEVICE/Target/usbd_conf.o
                0x0000000008006d5c                USBD_static_free
 .text.SystemClockConfig_Resume
                0x0000000008006d6c        0xe USB_DEVICE/Target/usbd_conf.o
 .text.USBD_Get_USB_Status
                0x0000000008006d7a       0x6e USB_DEVICE/Target/usbd_conf.o
 .text.__libc_init_array
                0x0000000008006de8       0x48 /opt/st/stm32cubeide_1.5.0/plugins/com.st.stm32cube.ide.mcu.externaltools.gnu-tools-for-stm32.7-2018-q2-update.linux64_1.5.0.202011040924/tools/bin/../lib/gcc/arm-none-eabi/7.3.1/../../../../arm-none-eabi/lib/thumb/v6-m/libc_nano.a(lib_a-init.o)
                0x0000000008006de8                __libc_init_array
 .text.memset   0x0000000008006e30       0x10 /opt/st/stm32cubeide_1.5.0/plugins/com.st.stm32cube.ide.mcu.externaltools.gnu-tools-for-stm32.7-2018-q2-update.linux64_1.5.0.202011040924/tools/bin/../lib/gcc/arm-none-eabi/7.3.1/../../../../arm-none-eabi/lib/thumb/v6-m/libc_nano.a(lib_a-memset.o)
                0x0000000008006e30                memset
 *(.glue_7)
 .glue_7        0x0000000008006e40        0x0 linker stubs
 *(.glue_7t)
 .glue_7t       0x0000000008006e40        0x0 linker stubs
 *(.eh_frame)
 .eh_frame      0x0000000008006e40        0x0 /opt/st/stm32cubeide_1.5.0/plugins/com.st.stm32cube.ide.mcu.externaltools.gnu-tools-for-stm32.7-2018-q2-update.linux64_1.5.0.202011040924/tools/bin/../lib/gcc/arm-none-eabi/7.3.1/thumb/v6-m/crtbegin.o
 *(.init)
 .init          0x0000000008006e40        0x4 /opt/st/stm32cubeide_1.5.0/plugins/com.st.stm32cube.ide.mcu.externaltools.gnu-tools-for-stm32.7-2018-q2-update.linux64_1.5.0.202011040924/tools/bin/../lib/gcc/arm-none-eabi/7.3.1/thumb/v6-m/crti.o
                0x0000000008006e40                _init
 .init          0x0000000008006e44        0x8 /opt/st/stm32cubeide_1.5.0/plugins/com.st.stm32cube.ide.mcu.externaltools.gnu-tools-for-stm32.7-2018-q2-update.linux64_1.5.0.202011040924/tools/bin/../lib/gcc/arm-none-eabi/7.3.1/thumb/v6-m/crtn.o
 *(.fini)
 .fini          0x0000000008006e4c        0x4 /opt/st/stm32cubeide_1.5.0/plugins/com.st.stm32cube.ide.mcu.externaltools.gnu-tools-for-stm32.7-2018-q2-update.linux64_1.5.0.202011040924/tools/bin/../lib/gcc/arm-none-eabi/7.3.1/thumb/v6-m/crti.o
                0x0000000008006e4c                _fini
 .fini          0x0000000008006e50        0x8 /opt/st/stm32cubeide_1.5.0/plugins/com.st.stm32cube.ide.mcu.externaltools.gnu-tools-for-stm32.7-2018-q2-update.linux64_1.5.0.202011040924/tools/bin/../lib/gcc/arm-none-eabi/7.3.1/thumb/v6-m/crtn.o
                0x0000000008006e58                . = ALIGN (0x4)
                0x0000000008006e58                _etext = .

.vfp11_veneer   0x0000000008006e58        0x0
 .vfp11_veneer  0x0000000008006e58        0x0 linker stubs

.v4_bx          0x0000000008006e58        0x0
 .v4_bx         0x0000000008006e58        0x0 linker stubs

.iplt           0x0000000008006e58        0x0
 .iplt          0x0000000008006e58        0x0 /opt/st/stm32cubeide_1.5.0/plugins/com.st.stm32cube.ide.mcu.externaltools.gnu-tools-for-stm32.7-2018-q2-update.linux64_1.5.0.202011040924/tools/bin/../lib/gcc/arm-none-eabi/7.3.1/thumb/v6-m/crtbegin.o

.rodata         0x0000000008006e58       0xd0
                0x0000000008006e58                . = ALIGN (0x4)
 *(.rodata)
 .rodata        0x0000000008006e58       0x20 Drivers/STM32F0xx_HAL_Driver/Src/stm32f0xx_hal_rcc.o
 .rodata        0x0000000008006e78       0x3e USB_DEVICE/App/usbd_desc.o
 *(.rodata*)
 *fill*         0x0000000008006eb6        0x2 
 .rodata.AHBPrescTable
                0x0000000008006eb8       0x10 Core/Src/system_stm32f0xx.o
                0x0000000008006eb8                AHBPrescTable
 .rodata.USBD_StdDevReq
                0x0000000008006ec8       0x28 Middlewares/ST/STM32_USB_Device_Library/Core/Src/usbd_ctlreq.o
 .rodata.USBD_GetDescriptor
                0x0000000008006ef0       0x38 Middlewares/ST/STM32_USB_Device_Library/Core/Src/usbd_ctlreq.o
                0x0000000008006f28                . = ALIGN (0x4)

.rel.dyn        0x0000000008006f28        0x0
 .rel.iplt      0x0000000008006f28        0x0 /opt/st/stm32cubeide_1.5.0/plugins/com.st.stm32cube.ide.mcu.externaltools.gnu-tools-for-stm32.7-2018-q2-update.linux64_1.5.0.202011040924/tools/bin/../lib/gcc/arm-none-eabi/7.3.1/thumb/v6-m/crtbegin.o

.ARM.extab      0x0000000008006f28        0x0
                0x0000000008006f28                . = ALIGN (0x4)
 *(.ARM.extab* .gnu.linkonce.armextab.*)
                0x0000000008006f28                . = ALIGN (0x4)

.ARM            0x0000000008006f28        0x0
                0x0000000008006f28                . = ALIGN (0x4)
                0x0000000008006f28                __exidx_start = .
 *(.ARM.exidx*)
                0x0000000008006f28                __exidx_end = .
                0x0000000008006f28                . = ALIGN (0x4)

.preinit_array  0x0000000008006f28        0x0
                0x0000000008006f28                . = ALIGN (0x4)
                0x0000000008006f28                PROVIDE (__preinit_array_start = .)
 *(.preinit_array*)
                0x0000000008006f28                PROVIDE (__preinit_array_end = .)
                0x0000000008006f28                . = ALIGN (0x4)

.init_array     0x0000000008006f28        0x4
                0x0000000008006f28                . = ALIGN (0x4)
                0x0000000008006f28                PROVIDE (__init_array_start = .)
 *(SORT_BY_NAME(.init_array.*))
 *(.init_array*)
 .init_array    0x0000000008006f28        0x4 /opt/st/stm32cubeide_1.5.0/plugins/com.st.stm32cube.ide.mcu.externaltools.gnu-tools-for-stm32.7-2018-q2-update.linux64_1.5.0.202011040924/tools/bin/../lib/gcc/arm-none-eabi/7.3.1/thumb/v6-m/crtbegin.o
                0x0000000008006f2c                PROVIDE (__init_array_end = .)
                0x0000000008006f2c                . = ALIGN (0x4)

.fini_array     0x0000000008006f2c        0x4
                0x0000000008006f2c                . = ALIGN (0x4)
                [!provide]                        PROVIDE (__fini_array_start = .)
 *(SORT_BY_NAME(.fini_array.*))
 *(.fini_array*)
 .fini_array    0x0000000008006f2c        0x4 /opt/st/stm32cubeide_1.5.0/plugins/com.st.stm32cube.ide.mcu.externaltools.gnu-tools-for-stm32.7-2018-q2-update.linux64_1.5.0.202011040924/tools/bin/../lib/gcc/arm-none-eabi/7.3.1/thumb/v6-m/crtbegin.o
                [!provide]                        PROVIDE (__fini_array_end = .)
                0x0000000008006f30                . = ALIGN (0x4)
                0x0000000008006f30                _sidata = LOADADDR (.data)

.data           0x0000000020000000      0x164 load address 0x0000000008006f30
                0x0000000020000000                . = ALIGN (0x4)
                0x0000000020000000                _sdata = .
 *(.data)
 *(.data*)
 .data.SystemCoreClock
                0x0000000020000000        0x4 Core/Src/system_stm32f0xx.o
                0x0000000020000000                SystemCoreClock
 .data.uwTickPrio
                0x0000000020000004        0x4 Drivers/STM32F0xx_HAL_Driver/Src/stm32f0xx_hal.o
                0x0000000020000004                uwTickPrio
 .data.uwTickFreq
                0x0000000020000008        0x1 Drivers/STM32F0xx_HAL_Driver/Src/stm32f0xx_hal.o
                0x0000000020000008                uwTickFreq
 *fill*         0x0000000020000009        0x3 
 .data.USBD_HID
                0x000000002000000c       0x38 Middlewares/ST/STM32_USB_Device_Library/Class/HID/Src/usbd_hid.o
                0x000000002000000c                USBD_HID
 .data.USBD_HID_CfgFSDesc
                0x0000000020000044       0x22 Middlewares/ST/STM32_USB_Device_Library/Class/HID/Src/usbd_hid.o
 *fill*         0x0000000020000066        0x2 
 .data.USBD_HID_CfgHSDesc
                0x0000000020000068       0x22 Middlewares/ST/STM32_USB_Device_Library/Class/HID/Src/usbd_hid.o
 *fill*         0x000000002000008a        0x2 
 .data.USBD_HID_OtherSpeedCfgDesc
                0x000000002000008c       0x22 Middlewares/ST/STM32_USB_Device_Library/Class/HID/Src/usbd_hid.o
 *fill*         0x00000000200000ae        0x2 
 .data.USBD_HID_Desc
                0x00000000200000b0        0x9 Middlewares/ST/STM32_USB_Device_Library/Class/HID/Src/usbd_hid.o
 *fill*         0x00000000200000b9        0x3 
 .data.USBD_HID_DeviceQualifierDesc
                0x00000000200000bc        0xa Middlewares/ST/STM32_USB_Device_Library/Class/HID/Src/usbd_hid.o
 *fill*         0x00000000200000c6        0x2 
 .data.HID_MOUSE_ReportDesc
                0x00000000200000c8       0x4a Middlewares/ST/STM32_USB_Device_Library/Class/HID/Src/usbd_hid.o
 *fill*         0x0000000020000112        0x2 
 .data.FS_Desc  0x0000000020000114       0x1c USB_DEVICE/App/usbd_desc.o
                0x0000000020000114                FS_Desc
 .data.USBD_FS_DeviceDesc
                0x0000000020000130       0x12 USB_DEVICE/App/usbd_desc.o
                0x0000000020000130                USBD_FS_DeviceDesc
 *fill*         0x0000000020000142        0x2 
 .data.USBD_LangIDDesc
                0x0000000020000144        0x4 USB_DEVICE/App/usbd_desc.o
                0x0000000020000144                USBD_LangIDDesc
 .data.USBD_StringSerial
                0x0000000020000148       0x1a USB_DEVICE/App/usbd_desc.o
                0x0000000020000148                USBD_StringSerial
 *(.RamFunc)
 *(.RamFunc*)
                0x0000000020000164                . = ALIGN (0x4)
 *fill*         0x0000000020000162        0x2 
                0x0000000020000164                _edata = .

.igot.plt       0x0000000020000164        0x0 load address 0x0000000008007094
 .igot.plt      0x0000000020000164        0x0 /opt/st/stm32cubeide_1.5.0/plugins/com.st.stm32cube.ide.mcu.externaltools.gnu-tools-for-stm32.7-2018-q2-update.linux64_1.5.0.202011040924/tools/bin/../lib/gcc/arm-none-eabi/7.3.1/thumb/v6-m/crtbegin.o
                0x0000000020000164                . = ALIGN (0x4)

.bss            0x0000000020000164      0x7f0 load address 0x0000000008007094
                0x0000000020000164                _sbss = .
                0x0000000020000164                __bss_start__ = _sbss
 *(.bss)
 .bss           0x0000000020000164       0x1c /opt/st/stm32cubeide_1.5.0/plugins/com.st.stm32cube.ide.mcu.externaltools.gnu-tools-for-stm32.7-2018-q2-update.linux64_1.5.0.202011040924/tools/bin/../lib/gcc/arm-none-eabi/7.3.1/thumb/v6-m/crtbegin.o
 *(.bss*)
 .bss.cfgidx.7700
                0x0000000020000180        0x1 Middlewares/ST/STM32_USB_Device_Library/Core/Src/usbd_ctlreq.o
 *fill*         0x0000000020000181        0x3 
 .bss.mem.7741  0x0000000020000184       0x14 USB_DEVICE/Target/usbd_conf.o
 *(COMMON)
 COMMON         0x0000000020000198        0x4 Drivers/STM32F0xx_HAL_Driver/Src/stm32f0xx_hal.o
                0x0000000020000198                uwTick
 COMMON         0x000000002000019c      0x2c4 USB_DEVICE/App/usb_device.o
                0x000000002000019c                hUsbDeviceFS
 COMMON         0x0000000020000460      0x200 USB_DEVICE/App/usbd_desc.o
                0x0000000020000460                USBD_StrDesc
 COMMON         0x0000000020000660      0x2f4 USB_DEVICE/Target/usbd_conf.o
                0x0000000020000660                hpcd_USB_FS
                0x0000000020000954                . = ALIGN (0x4)
                0x0000000020000954                _ebss = .
                0x0000000020000954                __bss_end__ = _ebss

._user_heap_stack
                0x0000000020000954      0x604 load address 0x0000000008007094
                0x0000000020000958                . = ALIGN (0x8)
 *fill*         0x0000000020000954        0x4 
                [!provide]                        PROVIDE (end = .)
                0x0000000020000958                PROVIDE (_end = .)
                0x0000000020000b58                . = (. + _Min_Heap_Size)
 *fill*         0x0000000020000958      0x200 
                0x0000000020000f58                . = (. + _Min_Stack_Size)
 *fill*         0x0000000020000b58      0x400 
                0x0000000020000f58                . = ALIGN (0x8)

/DISCARD/
 libc.a(*)
 libm.a(*)
 libgcc.a(*)

.ARM.attributes
                0x0000000000000000       0x28
 *(.ARM.attributes)
 .ARM.attributes
                0x0000000000000000       0x1e /opt/st/stm32cubeide_1.5.0/plugins/com.st.stm32cube.ide.mcu.externaltools.gnu-tools-for-stm32.7-2018-q2-update.linux64_1.5.0.202011040924/tools/bin/../lib/gcc/arm-none-eabi/7.3.1/thumb/v6-m/crti.o
 .ARM.attributes
                0x000000000000001e       0x2c /opt/st/stm32cubeide_1.5.0/plugins/com.st.stm32cube.ide.mcu.externaltools.gnu-tools-for-stm32.7-2018-q2-update.linux64_1.5.0.202011040924/tools/bin/../lib/gcc/arm-none-eabi/7.3.1/thumb/v6-m/crtbegin.o
 .ARM.attributes
                0x000000000000004a       0x31 Core/Src/main.o
 .ARM.attributes
                0x000000000000007b       0x31 Core/Src/stm32f0xx_hal_msp.o
 .ARM.attributes
                0x00000000000000ac       0x31 Core/Src/stm32f0xx_it.o
 .ARM.attributes
                0x00000000000000dd       0x31 Core/Src/system_stm32f0xx.o
 .ARM.attributes
                0x000000000000010e       0x21 Core/Startup/startup_stm32f042f4px.o
 .ARM.attributes
                0x000000000000012f       0x31 Drivers/STM32F0xx_HAL_Driver/Src/stm32f0xx_hal.o
 .ARM.attributes
                0x0000000000000160       0x31 Drivers/STM32F0xx_HAL_Driver/Src/stm32f0xx_hal_cortex.o
 .ARM.attributes
                0x0000000000000191       0x31 Drivers/STM32F0xx_HAL_Driver/Src/stm32f0xx_hal_pcd.o
 .ARM.attributes
                0x00000000000001c2       0x31 Drivers/STM32F0xx_HAL_Driver/Src/stm32f0xx_hal_pcd_ex.o
 .ARM.attributes
                0x00000000000001f3       0x31 Drivers/STM32F0xx_HAL_Driver/Src/stm32f0xx_hal_rcc.o
 .ARM.attributes
                0x0000000000000224       0x31 Drivers/STM32F0xx_HAL_Driver/Src/stm32f0xx_hal_rcc_ex.o
 .ARM.attributes
                0x0000000000000255       0x31 Drivers/STM32F0xx_HAL_Driver/Src/stm32f0xx_ll_usb.o
 .ARM.attributes
                0x0000000000000286       0x31 Middlewares/ST/STM32_USB_Device_Library/Class/HID/Src/usbd_hid.o
 .ARM.attributes
                0x00000000000002b7       0x31 Middlewares/ST/STM32_USB_Device_Library/Core/Src/usbd_core.o
 .ARM.attributes
                0x00000000000002e8       0x31 Middlewares/ST/STM32_USB_Device_Library/Core/Src/usbd_ctlreq.o
 .ARM.attributes
                0x0000000000000319       0x31 Middlewares/ST/STM32_USB_Device_Library/Core/Src/usbd_ioreq.o
 .ARM.attributes
                0x000000000000034a       0x31 USB_DEVICE/App/usb_device.o
 .ARM.attributes
                0x000000000000037b       0x31 USB_DEVICE/App/usbd_desc.o
 .ARM.attributes
                0x00000000000003ac       0x31 USB_DEVICE/Target/usbd_conf.o
 .ARM.attributes
                0x00000000000003dd       0x2c /opt/st/stm32cubeide_1.5.0/plugins/com.st.stm32cube.ide.mcu.externaltools.gnu-tools-for-stm32.7-2018-q2-update.linux64_1.5.0.202011040924/tools/bin/../lib/gcc/arm-none-eabi/7.3.1/../../../../arm-none-eabi/lib/thumb/v6-m/libc_nano.a(lib_a-init.o)
 .ARM.attributes
                0x0000000000000409       0x2c /opt/st/stm32cubeide_1.5.0/plugins/com.st.stm32cube.ide.mcu.externaltools.gnu-tools-for-stm32.7-2018-q2-update.linux64_1.5.0.202011040924/tools/bin/../lib/gcc/arm-none-eabi/7.3.1/../../../../arm-none-eabi/lib/thumb/v6-m/libc_nano.a(lib_a-memset.o)
 .ARM.attributes
                0x0000000000000435       0x1e /opt/st/stm32cubeide_1.5.0/plugins/com.st.stm32cube.ide.mcu.externaltools.gnu-tools-for-stm32.7-2018-q2-update.linux64_1.5.0.202011040924/tools/bin/../lib/gcc/arm-none-eabi/7.3.1/thumb/v6-m/libgcc.a(_udivsi3.o)
 .ARM.attributes
                0x0000000000000453       0x1e /opt/st/stm32cubeide_1.5.0/plugins/com.st.stm32cube.ide.mcu.externaltools.gnu-tools-for-stm32.7-2018-q2-update.linux64_1.5.0.202011040924/tools/bin/../lib/gcc/arm-none-eabi/7.3.1/thumb/v6-m/libgcc.a(_dvmd_tls.o)
 .ARM.attributes
                0x0000000000000471       0x1e /opt/st/stm32cubeide_1.5.0/plugins/com.st.stm32cube.ide.mcu.externaltools.gnu-tools-for-stm32.7-2018-q2-update.linux64_1.5.0.202011040924/tools/bin/../lib/gcc/arm-none-eabi/7.3.1/thumb/v6-m/crtn.o
OUTPUT(SegaJoystickAdapter_32F042F4p6.elf elf32-littlearm)

.debug_info     0x0000000000000000     0xe00e
 .debug_info    0x0000000000000000      0xd16 Core/Src/main.o
 .debug_info    0x0000000000000d16      0x2bd Core/Src/stm32f0xx_hal_msp.o
 .debug_info    0x0000000000000fd3      0x67f Core/Src/stm32f0xx_it.o
 .debug_info    0x0000000000001652      0x29e Core/Src/system_stm32f0xx.o
 .debug_info    0x00000000000018f0       0x22 Core/Startup/startup_stm32f042f4px.o
 .debug_info    0x0000000000001912      0x69d Drivers/STM32F0xx_HAL_Driver/Src/stm32f0xx_hal.o
 .debug_info    0x0000000000001faf      0x76e Drivers/STM32F0xx_HAL_Driver/Src/stm32f0xx_hal_cortex.o
 .debug_info    0x000000000000271d     0x119e Drivers/STM32F0xx_HAL_Driver/Src/stm32f0xx_hal_pcd.o
 .debug_info    0x00000000000038bb      0x897 Drivers/STM32F0xx_HAL_Driver/Src/stm32f0xx_hal_pcd_ex.o
 .debug_info    0x0000000000004152      0x82d Drivers/STM32F0xx_HAL_Driver/Src/stm32f0xx_hal_rcc.o
 .debug_info    0x000000000000497f      0x664 Drivers/STM32F0xx_HAL_Driver/Src/stm32f0xx_hal_rcc_ex.o
 .debug_info    0x0000000000004fe3     0x162d Drivers/STM32F0xx_HAL_Driver/Src/stm32f0xx_ll_usb.o
 .debug_info    0x0000000000006610     0x1116 Middlewares/ST/STM32_USB_Device_Library/Class/HID/Src/usbd_hid.o
 .debug_info    0x0000000000007726     0x11ae Middlewares/ST/STM32_USB_Device_Library/Core/Src/usbd_core.o
 .debug_info    0x00000000000088d4     0x111e Middlewares/ST/STM32_USB_Device_Library/Core/Src/usbd_ctlreq.o
 .debug_info    0x00000000000099f2      0xf0f Middlewares/ST/STM32_USB_Device_Library/Core/Src/usbd_ioreq.o
 .debug_info    0x000000000000a901      0xda4 USB_DEVICE/App/usb_device.o
 .debug_info    0x000000000000b6a5      0xcf3 USB_DEVICE/App/usbd_desc.o
 .debug_info    0x000000000000c398     0x1c76 USB_DEVICE/Target/usbd_conf.o

.debug_abbrev   0x0000000000000000     0x2527
 .debug_abbrev  0x0000000000000000      0x226 Core/Src/main.o
 .debug_abbrev  0x0000000000000226      0x109 Core/Src/stm32f0xx_hal_msp.o
 .debug_abbrev  0x000000000000032f      0x155 Core/Src/stm32f0xx_it.o
 .debug_abbrev  0x0000000000000484      0x12b Core/Src/system_stm32f0xx.o
 .debug_abbrev  0x00000000000005af       0x12 Core/Startup/startup_stm32f042f4px.o
 .debug_abbrev  0x00000000000005c1      0x1f2 Drivers/STM32F0xx_HAL_Driver/Src/stm32f0xx_hal.o
 .debug_abbrev  0x00000000000007b3      0x273 Drivers/STM32F0xx_HAL_Driver/Src/stm32f0xx_hal_cortex.o
 .debug_abbrev  0x0000000000000a26      0x268 Drivers/STM32F0xx_HAL_Driver/Src/stm32f0xx_hal_pcd.o
 .debug_abbrev  0x0000000000000c8e      0x1eb Drivers/STM32F0xx_HAL_Driver/Src/stm32f0xx_hal_pcd_ex.o
 .debug_abbrev  0x0000000000000e79      0x20f Drivers/STM32F0xx_HAL_Driver/Src/stm32f0xx_hal_rcc.o
 .debug_abbrev  0x0000000000001088      0x1d2 Drivers/STM32F0xx_HAL_Driver/Src/stm32f0xx_hal_rcc_ex.o
 .debug_abbrev  0x000000000000125a      0x22a Drivers/STM32F0xx_HAL_Driver/Src/stm32f0xx_ll_usb.o
 .debug_abbrev  0x0000000000001484      0x27d Middlewares/ST/STM32_USB_Device_Library/Class/HID/Src/usbd_hid.o
 .debug_abbrev  0x0000000000001701      0x270 Middlewares/ST/STM32_USB_Device_Library/Core/Src/usbd_core.o
 .debug_abbrev  0x0000000000001971      0x2a0 Middlewares/ST/STM32_USB_Device_Library/Core/Src/usbd_ctlreq.o
 .debug_abbrev  0x0000000000001c11      0x1e0 Middlewares/ST/STM32_USB_Device_Library/Core/Src/usbd_ioreq.o
 .debug_abbrev  0x0000000000001df1      0x1b5 USB_DEVICE/App/usb_device.o
 .debug_abbrev  0x0000000000001fa6      0x290 USB_DEVICE/App/usbd_desc.o
 .debug_abbrev  0x0000000000002236      0x2f1 USB_DEVICE/Target/usbd_conf.o

.debug_aranges  0x0000000000000000      0x940
 .debug_aranges
                0x0000000000000000       0x38 Core/Src/main.o
 .debug_aranges
                0x0000000000000038       0x20 Core/Src/stm32f0xx_hal_msp.o
 .debug_aranges
                0x0000000000000058       0x48 Core/Src/stm32f0xx_it.o
 .debug_aranges
                0x00000000000000a0       0x28 Core/Src/system_stm32f0xx.o
 .debug_aranges
                0x00000000000000c8       0x28 Core/Startup/startup_stm32f042f4px.o
 .debug_aranges
                0x00000000000000f0       0xd0 Drivers/STM32F0xx_HAL_Driver/Src/stm32f0xx_hal.o
 .debug_aranges
                0x00000000000001c0       0xc0 Drivers/STM32F0xx_HAL_Driver/Src/stm32f0xx_hal_cortex.o
 .debug_aranges
                0x0000000000000280      0x130 Drivers/STM32F0xx_HAL_Driver/Src/stm32f0xx_hal_pcd.o
 .debug_aranges
                0x00000000000003b0       0x58 Drivers/STM32F0xx_HAL_Driver/Src/stm32f0xx_hal_pcd_ex.o
 .debug_aranges
                0x0000000000000408       0x80 Drivers/STM32F0xx_HAL_Driver/Src/stm32f0xx_hal_rcc.o
 .debug_aranges
                0x0000000000000488       0x78 Drivers/STM32F0xx_HAL_Driver/Src/stm32f0xx_hal_rcc_ex.o
 .debug_aranges
                0x0000000000000500       0xb0 Drivers/STM32F0xx_HAL_Driver/Src/stm32f0xx_ll_usb.o
 .debug_aranges
                0x00000000000005b0       0x68 Middlewares/ST/STM32_USB_Device_Library/Class/HID/Src/usbd_hid.o
 .debug_aranges
                0x0000000000000618       0xb8 Middlewares/ST/STM32_USB_Device_Library/Core/Src/usbd_core.o
 .debug_aranges
                0x00000000000006d0       0x88 Middlewares/ST/STM32_USB_Device_Library/Core/Src/usbd_ctlreq.o
 .debug_aranges
                0x0000000000000758       0x50 Middlewares/ST/STM32_USB_Device_Library/Core/Src/usbd_ioreq.o
 .debug_aranges
                0x00000000000007a8       0x20 USB_DEVICE/App/usb_device.o
 .debug_aranges
                0x00000000000007c8       0x60 USB_DEVICE/App/usbd_desc.o
 .debug_aranges
                0x0000000000000828      0x118 USB_DEVICE/Target/usbd_conf.o

.debug_ranges   0x0000000000000000      0x818
 .debug_ranges  0x0000000000000000       0x28 Core/Src/main.o
 .debug_ranges  0x0000000000000028       0x10 Core/Src/stm32f0xx_hal_msp.o
 .debug_ranges  0x0000000000000038       0x38 Core/Src/stm32f0xx_it.o
 .debug_ranges  0x0000000000000070       0x18 Core/Src/system_stm32f0xx.o
 .debug_ranges  0x0000000000000088       0x20 Core/Startup/startup_stm32f042f4px.o
 .debug_ranges  0x00000000000000a8       0xc0 Drivers/STM32F0xx_HAL_Driver/Src/stm32f0xx_hal.o
 .debug_ranges  0x0000000000000168       0xb0 Drivers/STM32F0xx_HAL_Driver/Src/stm32f0xx_hal_cortex.o
 .debug_ranges  0x0000000000000218      0x120 Drivers/STM32F0xx_HAL_Driver/Src/stm32f0xx_hal_pcd.o
 .debug_ranges  0x0000000000000338       0x48 Drivers/STM32F0xx_HAL_Driver/Src/stm32f0xx_hal_pcd_ex.o
 .debug_ranges  0x0000000000000380       0x70 Drivers/STM32F0xx_HAL_Driver/Src/stm32f0xx_hal_rcc.o
 .debug_ranges  0x00000000000003f0       0x68 Drivers/STM32F0xx_HAL_Driver/Src/stm32f0xx_hal_rcc_ex.o
 .debug_ranges  0x0000000000000458       0xa0 Drivers/STM32F0xx_HAL_Driver/Src/stm32f0xx_ll_usb.o
 .debug_ranges  0x00000000000004f8       0x58 Middlewares/ST/STM32_USB_Device_Library/Class/HID/Src/usbd_hid.o
 .debug_ranges  0x0000000000000550       0xa8 Middlewares/ST/STM32_USB_Device_Library/Core/Src/usbd_core.o
 .debug_ranges  0x00000000000005f8       0x78 Middlewares/ST/STM32_USB_Device_Library/Core/Src/usbd_ctlreq.o
 .debug_ranges  0x0000000000000670       0x40 Middlewares/ST/STM32_USB_Device_Library/Core/Src/usbd_ioreq.o
 .debug_ranges  0x00000000000006b0       0x10 USB_DEVICE/App/usb_device.o
 .debug_ranges  0x00000000000006c0       0x50 USB_DEVICE/App/usbd_desc.o
 .debug_ranges  0x0000000000000710      0x108 USB_DEVICE/Target/usbd_conf.o

.debug_macro    0x0000000000000000    0x19e50
 .debug_macro   0x0000000000000000      0x3aa Core/Src/main.o
 .debug_macro   0x00000000000003aa      0xa48 Core/Src/main.o
 .debug_macro   0x0000000000000df2      0x12d Core/Src/main.o
 .debug_macro   0x0000000000000f1f       0x2e Core/Src/main.o
 .debug_macro   0x0000000000000f4d       0x22 Core/Src/main.o
 .debug_macro   0x0000000000000f6f       0x22 Core/Src/main.o
 .debug_macro   0x0000000000000f91       0x8e Core/Src/main.o
 .debug_macro   0x000000000000101f       0x51 Core/Src/main.o
 .debug_macro   0x0000000000001070       0xef Core/Src/main.o
 .debug_macro   0x000000000000115f       0x6a Core/Src/main.o
 .debug_macro   0x00000000000011c9      0x1df Core/Src/main.o
 .debug_macro   0x00000000000013a8       0x1c Core/Src/main.o
 .debug_macro   0x00000000000013c4       0x22 Core/Src/main.o
 .debug_macro   0x00000000000013e6       0xb5 Core/Src/main.o
 .debug_macro   0x000000000000149b      0x391 Core/Src/main.o
 .debug_macro   0x000000000000182c     0xf1e6 Core/Src/main.o
 .debug_macro   0x0000000000010a12       0x3c Core/Src/main.o
 .debug_macro   0x0000000000010a4e     0x3461 Core/Src/main.o
 .debug_macro   0x0000000000013eaf      0x174 Core/Src/main.o
 .debug_macro   0x0000000000014023       0x55 Core/Src/main.o
 .debug_macro   0x0000000000014078      0x946 Core/Src/main.o
 .debug_macro   0x00000000000149be      0x46b Core/Src/main.o
 .debug_macro   0x0000000000014e29      0x12f Core/Src/main.o
 .debug_macro   0x0000000000014f58      0x130 Core/Src/main.o
 .debug_macro   0x0000000000015088      0x199 Core/Src/main.o
 .debug_macro   0x0000000000015221      0x1ed Core/Src/main.o
 .debug_macro   0x000000000001540e       0x34 Core/Src/main.o
 .debug_macro   0x0000000000015442       0x43 Core/Src/main.o
 .debug_macro   0x0000000000015485       0x28 Core/Src/main.o
 .debug_macro   0x00000000000154ad       0xb0 Core/Src/main.o
 .debug_macro   0x000000000001555d      0x182 Core/Src/main.o
 .debug_macro   0x00000000000156df      0x22c Core/Src/main.o
 .debug_macro   0x000000000001590b       0x60 Core/Src/main.o
 .debug_macro   0x000000000001596b       0xa5 Core/Src/main.o
 .debug_macro   0x0000000000015a10       0x65 Core/Src/main.o
 .debug_macro   0x0000000000015a75      0x234 Core/Src/main.o
 .debug_macro   0x0000000000015ca9       0x4c Core/Src/main.o
 .debug_macro   0x0000000000015cf5      0x15b Core/Src/main.o
 .debug_macro   0x0000000000015e50      0x12e Core/Src/main.o
 .debug_macro   0x0000000000015f7e       0x46 Core/Src/main.o
 .debug_macro   0x0000000000015fc4       0x18 Core/Src/main.o
 .debug_macro   0x0000000000015fdc       0x3c Core/Src/main.o
 .debug_macro   0x0000000000016018       0x34 Core/Src/main.o
 .debug_macro   0x000000000001604c       0x16 Core/Src/main.o
 .debug_macro   0x0000000000016062       0x35 Core/Src/main.o
 .debug_macro   0x0000000000016097      0x32a Core/Src/main.o
 .debug_macro   0x00000000000163c1       0x10 Core/Src/main.o
 .debug_macro   0x00000000000163d1       0x52 Core/Src/main.o
 .debug_macro   0x0000000000016423       0x1f Core/Src/main.o
 .debug_macro   0x0000000000016442       0x43 Core/Src/main.o
 .debug_macro   0x0000000000016485       0x20 Core/Src/main.o
 .debug_macro   0x00000000000164a5      0x1a3 Core/Src/main.o
 .debug_macro   0x0000000000016648       0x10 Core/Src/main.o
 .debug_macro   0x0000000000016658       0x1c Core/Src/main.o
 .debug_macro   0x0000000000016674       0x52 Core/Src/main.o
 .debug_macro   0x00000000000166c6       0x40 Core/Src/main.o
 .debug_macro   0x0000000000016706       0x10 Core/Src/main.o
 .debug_macro   0x0000000000016716       0x40 Core/Src/main.o
 .debug_macro   0x0000000000016756       0xd7 Core/Src/main.o
 .debug_macro   0x000000000001682d       0x1c Core/Src/main.o
 .debug_macro   0x0000000000016849       0x3d Core/Src/main.o
 .debug_macro   0x0000000000016886       0x16 Core/Src/main.o
 .debug_macro   0x000000000001689c      0x145 Core/Src/main.o
 .debug_macro   0x00000000000169e1       0x16 Core/Src/main.o
 .debug_macro   0x00000000000169f7       0x16 Core/Src/main.o
 .debug_macro   0x0000000000016a0d       0x29 Core/Src/main.o
 .debug_macro   0x0000000000016a36       0x16 Core/Src/main.o
 .debug_macro   0x0000000000016a4c       0x20 Core/Src/main.o
 .debug_macro   0x0000000000016a6c       0x5f Core/Src/main.o
 .debug_macro   0x0000000000016acb      0x1c8 Core/Src/main.o
 .debug_macro   0x0000000000016c93      0x1c8 Core/Src/stm32f0xx_hal_msp.o
 .debug_macro   0x0000000000016e5b      0x1d2 Core/Src/stm32f0xx_it.o
 .debug_macro   0x000000000001702d      0x1be Core/Src/system_stm32f0xx.o
 .debug_macro   0x00000000000171eb      0x1e2 Drivers/STM32F0xx_HAL_Driver/Src/stm32f0xx_hal.o
 .debug_macro   0x00000000000173cd      0x1be Drivers/STM32F0xx_HAL_Driver/Src/stm32f0xx_hal_cortex.o
 .debug_macro   0x000000000001758b      0x1ca Drivers/STM32F0xx_HAL_Driver/Src/stm32f0xx_hal_pcd.o
 .debug_macro   0x0000000000017755      0x1be Drivers/STM32F0xx_HAL_Driver/Src/stm32f0xx_hal_pcd_ex.o
 .debug_macro   0x0000000000017913      0x1d0 Drivers/STM32F0xx_HAL_Driver/Src/stm32f0xx_hal_rcc.o
 .debug_macro   0x0000000000017ae3      0x1d0 Drivers/STM32F0xx_HAL_Driver/Src/stm32f0xx_hal_rcc_ex.o
 .debug_macro   0x0000000000017cb3      0x1be Drivers/STM32F0xx_HAL_Driver/Src/stm32f0xx_ll_usb.o
 .debug_macro   0x0000000000017e71      0x3d5 Middlewares/ST/STM32_USB_Device_Library/Class/HID/Src/usbd_hid.o
 .debug_macro   0x0000000000018246       0x97 Middlewares/ST/STM32_USB_Device_Library/Class/HID/Src/usbd_hid.o
 .debug_macro   0x00000000000182dd       0xfd Middlewares/ST/STM32_USB_Device_Library/Class/HID/Src/usbd_hid.o
 .debug_macro   0x00000000000183da       0xaf Middlewares/ST/STM32_USB_Device_Library/Class/HID/Src/usbd_hid.o
 .debug_macro   0x0000000000018489       0x4f Middlewares/ST/STM32_USB_Device_Library/Class/HID/Src/usbd_hid.o
 .debug_macro   0x00000000000184d8       0x5e Middlewares/ST/STM32_USB_Device_Library/Class/HID/Src/usbd_hid.o
 .debug_macro   0x0000000000018536      0x3bc Middlewares/ST/STM32_USB_Device_Library/Core/Src/usbd_core.o
 .debug_macro   0x00000000000188f2      0x1ce Middlewares/ST/STM32_USB_Device_Library/Core/Src/usbd_core.o
 .debug_macro   0x0000000000018ac0      0x3c6 Middlewares/ST/STM32_USB_Device_Library/Core/Src/usbd_ctlreq.o
 .debug_macro   0x0000000000018e86      0x3c2 Middlewares/ST/STM32_USB_Device_Library/Core/Src/usbd_ioreq.o
 .debug_macro   0x0000000000019248      0x3f2 USB_DEVICE/App/usb_device.o
 .debug_macro   0x000000000001963a       0x22 USB_DEVICE/App/usb_device.o
 .debug_macro   0x000000000001965c      0x3f9 USB_DEVICE/App/usbd_desc.o
 .debug_macro   0x0000000000019a55       0x1c USB_DEVICE/App/usbd_desc.o
 .debug_macro   0x0000000000019a71      0x3df USB_DEVICE/Target/usbd_conf.o

.debug_line     0x0000000000000000     0xadbb
 .debug_line    0x0000000000000000      0x99b Core/Src/main.o
 .debug_line    0x000000000000099b      0x69d Core/Src/stm32f0xx_hal_msp.o
 .debug_line    0x0000000000001038      0x706 Core/Src/stm32f0xx_it.o
 .debug_line    0x000000000000173e      0x6bf Core/Src/system_stm32f0xx.o
 .debug_line    0x0000000000001dfd       0x9b Core/Startup/startup_stm32f042f4px.o
 .debug_line    0x0000000000001e98      0x852 Drivers/STM32F0xx_HAL_Driver/Src/stm32f0xx_hal.o
 .debug_line    0x00000000000026ea      0x86a Drivers/STM32F0xx_HAL_Driver/Src/stm32f0xx_hal_cortex.o
 .debug_line    0x0000000000002f54      0xc76 Drivers/STM32F0xx_HAL_Driver/Src/stm32f0xx_hal_pcd.o
 .debug_line    0x0000000000003bca      0x763 Drivers/STM32F0xx_HAL_Driver/Src/stm32f0xx_hal_pcd_ex.o
 .debug_line    0x000000000000432d      0x93f Drivers/STM32F0xx_HAL_Driver/Src/stm32f0xx_hal_rcc.o
 .debug_line    0x0000000000004c6c      0x8c2 Drivers/STM32F0xx_HAL_Driver/Src/stm32f0xx_hal_rcc_ex.o
 .debug_line    0x000000000000552e      0xc6e Drivers/STM32F0xx_HAL_Driver/Src/stm32f0xx_ll_usb.o
 .debug_line    0x000000000000619c      0xab1 Middlewares/ST/STM32_USB_Device_Library/Class/HID/Src/usbd_hid.o
 .debug_line    0x0000000000006c4d      0xb85 Middlewares/ST/STM32_USB_Device_Library/Core/Src/usbd_core.o
 .debug_line    0x00000000000077d2      0xc0c Middlewares/ST/STM32_USB_Device_Library/Core/Src/usbd_ctlreq.o
 .debug_line    0x00000000000083de      0x9ee Middlewares/ST/STM32_USB_Device_Library/Core/Src/usbd_ioreq.o
 .debug_line    0x0000000000008dcc      0x9bd USB_DEVICE/App/usb_device.o
 .debug_line    0x0000000000009789      0xa22 USB_DEVICE/App/usbd_desc.o
 .debug_line    0x000000000000a1ab      0xc10 USB_DEVICE/Target/usbd_conf.o

.debug_str      0x0000000000000000    0x88e60
 .debug_str     0x0000000000000000    0x86729 Core/Src/main.o
                                      0x86a62 (size before relaxing)
 .debug_str     0x0000000000086729       0x48 Core/Src/stm32f0xx_hal_msp.o
                                      0x81c3f (size before relaxing)
 .debug_str     0x0000000000086771      0x409 Core/Src/stm32f0xx_it.o
                                      0x81fc7 (size before relaxing)
 .debug_str     0x0000000000086b7a       0x5f Core/Src/system_stm32f0xx.o
                                      0x81c3c (size before relaxing)
 .debug_str     0x0000000000086bd9       0x36 Core/Startup/startup_stm32f042f4px.o
                                         0x78 (size before relaxing)
 .debug_str     0x0000000000086c0f      0x444 Drivers/STM32F0xx_HAL_Driver/Src/stm32f0xx_hal.o
                                      0x82162 (size before relaxing)
 .debug_str     0x0000000000087053      0x1d2 Drivers/STM32F0xx_HAL_Driver/Src/stm32f0xx_hal_cortex.o
                                      0x8201a (size before relaxing)
 .debug_str     0x0000000000087225      0x3d8 Drivers/STM32F0xx_HAL_Driver/Src/stm32f0xx_hal_pcd.o
                                      0x8238d (size before relaxing)
 .debug_str     0x00000000000875fd      0x1c6 Drivers/STM32F0xx_HAL_Driver/Src/stm32f0xx_hal_pcd_ex.o
                                      0x82165 (size before relaxing)
 .debug_str     0x00000000000877c3      0x292 Drivers/STM32F0xx_HAL_Driver/Src/stm32f0xx_hal_rcc.o
                                      0x82051 (size before relaxing)
 .debug_str     0x0000000000087a55      0x29e Drivers/STM32F0xx_HAL_Driver/Src/stm32f0xx_hal_rcc_ex.o
                                      0x82019 (size before relaxing)
 .debug_str     0x0000000000087cf3      0x1fb Drivers/STM32F0xx_HAL_Driver/Src/stm32f0xx_ll_usb.o
                                      0x8204c (size before relaxing)
 .debug_str     0x0000000000087eee      0x751 Middlewares/ST/STM32_USB_Device_Library/Class/HID/Src/usbd_hid.o
                                      0x86f1b (size before relaxing)
 .debug_str     0x000000000008863f      0x1a9 Middlewares/ST/STM32_USB_Device_Library/Core/Src/usbd_core.o
                                      0x86d24 (size before relaxing)
 .debug_str     0x00000000000887e8      0x12f Middlewares/ST/STM32_USB_Device_Library/Core/Src/usbd_ctlreq.o
                                      0x86caa (size before relaxing)
 .debug_str     0x0000000000088917       0xc9 Middlewares/ST/STM32_USB_Device_Library/Core/Src/usbd_ioreq.o
                                      0x86c32 (size before relaxing)
 .debug_str     0x00000000000889e0       0xc2 USB_DEVICE/App/usb_device.o
                                      0x86d9e (size before relaxing)
 .debug_str     0x0000000000088aa2      0x251 USB_DEVICE/App/usbd_desc.o
                                      0x86b96 (size before relaxing)
 .debug_str     0x0000000000088cf3      0x16d USB_DEVICE/Target/usbd_conf.o
                                      0x875cf (size before relaxing)

.comment        0x0000000000000000       0x7b
 .comment       0x0000000000000000       0x7b Core/Src/main.o
                                         0x7c (size before relaxing)
 .comment       0x000000000000007b       0x7c Core/Src/stm32f0xx_hal_msp.o
 .comment       0x000000000000007b       0x7c Core/Src/stm32f0xx_it.o
 .comment       0x000000000000007b       0x7c Core/Src/system_stm32f0xx.o
 .comment       0x000000000000007b       0x7c Drivers/STM32F0xx_HAL_Driver/Src/stm32f0xx_hal.o
 .comment       0x000000000000007b       0x7c Drivers/STM32F0xx_HAL_Driver/Src/stm32f0xx_hal_cortex.o
 .comment       0x000000000000007b       0x7c Drivers/STM32F0xx_HAL_Driver/Src/stm32f0xx_hal_pcd.o
 .comment       0x000000000000007b       0x7c Drivers/STM32F0xx_HAL_Driver/Src/stm32f0xx_hal_pcd_ex.o
 .comment       0x000000000000007b       0x7c Drivers/STM32F0xx_HAL_Driver/Src/stm32f0xx_hal_rcc.o
 .comment       0x000000000000007b       0x7c Drivers/STM32F0xx_HAL_Driver/Src/stm32f0xx_hal_rcc_ex.o
 .comment       0x000000000000007b       0x7c Drivers/STM32F0xx_HAL_Driver/Src/stm32f0xx_ll_usb.o
 .comment       0x000000000000007b       0x7c Middlewares/ST/STM32_USB_Device_Library/Class/HID/Src/usbd_hid.o
 .comment       0x000000000000007b       0x7c Middlewares/ST/STM32_USB_Device_Library/Core/Src/usbd_core.o
 .comment       0x000000000000007b       0x7c Middlewares/ST/STM32_USB_Device_Library/Core/Src/usbd_ctlreq.o
 .comment       0x000000000000007b       0x7c Middlewares/ST/STM32_USB_Device_Library/Core/Src/usbd_ioreq.o
 .comment       0x000000000000007b       0x7c USB_DEVICE/App/usb_device.o
 .comment       0x000000000000007b       0x7c USB_DEVICE/App/usbd_desc.o
 .comment       0x000000000000007b       0x7c USB_DEVICE/Target/usbd_conf.o

.debug_frame    0x0000000000000000     0x1ec4
 .debug_frame   0x0000000000000000       0x88 Core/Src/main.o
 .debug_frame   0x0000000000000088       0x30 Core/Src/stm32f0xx_hal_msp.o
 .debug_frame   0x00000000000000b8       0xb8 Core/Src/stm32f0xx_it.o
 .debug_frame   0x0000000000000170       0x4c Core/Src/system_stm32f0xx.o
 .debug_frame   0x00000000000001bc      0x2a4 Drivers/STM32F0xx_HAL_Driver/Src/stm32f0xx_hal.o
 .debug_frame   0x0000000000000460      0x2a0 Drivers/STM32F0xx_HAL_Driver/Src/stm32f0xx_hal_cortex.o
 .debug_frame   0x0000000000000700      0x474 Drivers/STM32F0xx_HAL_Driver/Src/stm32f0xx_hal_pcd.o
 .debug_frame   0x0000000000000b74      0x110 Drivers/STM32F0xx_HAL_Driver/Src/stm32f0xx_hal_pcd_ex.o
 .debug_frame   0x0000000000000c84      0x198 Drivers/STM32F0xx_HAL_Driver/Src/stm32f0xx_hal_rcc.o
 .debug_frame   0x0000000000000e1c      0x180 Drivers/STM32F0xx_HAL_Driver/Src/stm32f0xx_hal_rcc_ex.o
 .debug_frame   0x0000000000000f9c      0x284 Drivers/STM32F0xx_HAL_Driver/Src/stm32f0xx_ll_usb.o
 .debug_frame   0x0000000000001220      0x150 Middlewares/ST/STM32_USB_Device_Library/Class/HID/Src/usbd_hid.o
 .debug_frame   0x0000000000001370      0x290 Middlewares/ST/STM32_USB_Device_Library/Core/Src/usbd_core.o
 .debug_frame   0x0000000000001600      0x1d4 Middlewares/ST/STM32_USB_Device_Library/Core/Src/usbd_ctlreq.o
 .debug_frame   0x00000000000017d4       0xf0 Middlewares/ST/STM32_USB_Device_Library/Core/Src/usbd_ioreq.o
 .debug_frame   0x00000000000018c4       0x2c USB_DEVICE/App/usb_device.o
 .debug_frame   0x00000000000018f0      0x130 USB_DEVICE/App/usbd_desc.o
 .debug_frame   0x0000000000001a20      0x438 USB_DEVICE/Target/usbd_conf.o
 .debug_frame   0x0000000000001e58       0x2c /opt/st/stm32cubeide_1.5.0/plugins/com.st.stm32cube.ide.mcu.externaltools.gnu-tools-for-stm32.7-2018-q2-update.linux64_1.5.0.202011040924/tools/bin/../lib/gcc/arm-none-eabi/7.3.1/../../../../arm-none-eabi/lib/thumb/v6-m/libc_nano.a(lib_a-init.o)
 .debug_frame   0x0000000000001e84       0x20 /opt/st/stm32cubeide_1.5.0/plugins/com.st.stm32cube.ide.mcu.externaltools.gnu-tools-for-stm32.7-2018-q2-update.linux64_1.5.0.202011040924/tools/bin/../lib/gcc/arm-none-eabi/7.3.1/../../../../arm-none-eabi/lib/thumb/v6-m/libc_nano.a(lib_a-memset.o)
 .debug_frame   0x0000000000001ea4       0x20 /opt/st/stm32cubeide_1.5.0/plugins/com.st.stm32cube.ide.mcu.externaltools.gnu-tools-for-stm32.7-2018-q2-update.linux64_1.5.0.202011040924/tools/bin/../lib/gcc/arm-none-eabi/7.3.1/thumb/v6-m/libgcc.a(_udivsi3.o)
